..................................                                       [100%]
34 passed in 1.69s
